Archive member included to satisfy reference by file (symbol)

c:/programdata/gcc for renesas rx 8.3.0.202311-gnurx-elf/rx-elf/rx-elf/bin/../lib/gcc/rx-elf/8.3.0.202311-GNURX/../../../../rx-elf/lib\libc.a(lib_a-__call_atexit.o)
                              ./generate/start.o (__call_exitprocs)
c:/programdata/gcc for renesas rx 8.3.0.202311-gnurx-elf/rx-elf/rx-elf/bin/../lib/gcc/rx-elf/8.3.0.202311-GNURX/../../../../rx-elf/lib\libc.a(lib_a-impure.o)
                              c:/programdata/gcc for renesas rx 8.3.0.202311-gnurx-elf/rx-elf/rx-elf/bin/../lib/gcc/rx-elf/8.3.0.202311-GNURX/../../../../rx-elf/lib\libc.a(lib_a-__call_atexit.o) (_global_impure_ptr)

Discarded input sections

 P              0x0000000000000000        0x0 ./src/rx231_basic.o
 D_1            0x0000000000000000        0x0 ./src/rx231_basic.o
 B_1            0x0000000000000000        0x0 ./src/rx231_basic.o
 P              0x0000000000000000        0x0 ./generate/hwinit.o
 D_1            0x0000000000000000        0x0 ./generate/hwinit.o
 B_1            0x0000000000000000        0x0 ./generate/hwinit.o
 P              0x0000000000000000        0x0 ./generate/inthandler.o
 D_1            0x0000000000000000        0x0 ./generate/inthandler.o
 B_1            0x0000000000000000        0x0 ./generate/inthandler.o
 .text.INT_Dummy
                0x0000000000000000        0x2 ./generate/inthandler.o
 .text.INT_Excep_BRK
                0x0000000000000000        0x2 ./generate/inthandler.o
 P              0x0000000000000000        0x0 ./generate/start.o
 D_1            0x0000000000000000        0x0 ./generate/start.o
 B_1            0x0000000000000000        0x0 ./generate/start.o
 P              0x0000000000000000        0x0 ./generate/vects.o
 D_1            0x0000000000000000        0x0 ./generate/vects.o
 B_1            0x0000000000000000        0x0 ./generate/vects.o
 P              0x0000000000000000        0x0 c:/programdata/gcc for renesas rx 8.3.0.202311-gnurx-elf/rx-elf/rx-elf/bin/../lib/gcc/rx-elf/8.3.0.202311-GNURX/../../../../rx-elf/lib\libc.a(lib_a-__call_atexit.o)
 D_1            0x0000000000000000        0x0 c:/programdata/gcc for renesas rx 8.3.0.202311-gnurx-elf/rx-elf/rx-elf/bin/../lib/gcc/rx-elf/8.3.0.202311-GNURX/../../../../rx-elf/lib\libc.a(lib_a-__call_atexit.o)
 B_1            0x0000000000000000        0x0 c:/programdata/gcc for renesas rx 8.3.0.202311-gnurx-elf/rx-elf/rx-elf/bin/../lib/gcc/rx-elf/8.3.0.202311-GNURX/../../../../rx-elf/lib\libc.a(lib_a-__call_atexit.o)
 P              0x0000000000000000        0x0 c:/programdata/gcc for renesas rx 8.3.0.202311-gnurx-elf/rx-elf/rx-elf/bin/../lib/gcc/rx-elf/8.3.0.202311-GNURX/../../../../rx-elf/lib\libc.a(lib_a-impure.o)
 D_1            0x0000000000000000        0x0 c:/programdata/gcc for renesas rx 8.3.0.202311-gnurx-elf/rx-elf/rx-elf/bin/../lib/gcc/rx-elf/8.3.0.202311-GNURX/../../../../rx-elf/lib\libc.a(lib_a-impure.o)
 B_1            0x0000000000000000        0x0 c:/programdata/gcc for renesas rx 8.3.0.202311-gnurx-elf/rx-elf/rx-elf/bin/../lib/gcc/rx-elf/8.3.0.202311-GNURX/../../../../rx-elf/lib\libc.a(lib_a-impure.o)
 .data._impure_ptr
                0x0000000000000000        0x4 c:/programdata/gcc for renesas rx 8.3.0.202311-gnurx-elf/rx-elf/rx-elf/bin/../lib/gcc/rx-elf/8.3.0.202311-GNURX/../../../../rx-elf/lib\libc.a(lib_a-impure.o)

Memory Configuration

Name             Origin             Length             Attributes
RAM              0x0000000000000000 0x0000000000010000
ROM              0x00000000fff80000 0x0000000000080000
*default*        0x0000000000000000 0xffffffffffffffff

Linker script and memory map

LOAD ./src/rx231_basic.o
LOAD ./generate/hwinit.o
LOAD ./generate/inthandler.o
LOAD ./generate/start.o
LOAD ./generate/vects.o
START GROUP
LOAD c:/programdata/gcc for renesas rx 8.3.0.202311-gnurx-elf/rx-elf/rx-elf/bin/../lib/gcc/rx-elf/8.3.0.202311-GNURX/../../../../rx-elf/lib\libm.a
LOAD c:/programdata/gcc for renesas rx 8.3.0.202311-gnurx-elf/rx-elf/rx-elf/bin/../lib/gcc/rx-elf/8.3.0.202311-GNURX/../../../../rx-elf/lib\libc.a
LOAD c:/programdata/gcc for renesas rx 8.3.0.202311-gnurx-elf/rx-elf/rx-elf/bin/../lib/gcc/rx-elf/8.3.0.202311-GNURX\libgcc.a
END GROUP
LOAD c:/programdata/gcc for renesas rx 8.3.0.202311-gnurx-elf/rx-elf/rx-elf/bin/../lib/gcc/rx-elf/8.3.0.202311-GNURX\libgcc.a
START GROUP
LOAD c:/programdata/gcc for renesas rx 8.3.0.202311-gnurx-elf/rx-elf/rx-elf/bin/../lib/gcc/rx-elf/8.3.0.202311-GNURX/../../../../rx-elf/lib\libc.a
LOAD c:/programdata/gcc for renesas rx 8.3.0.202311-gnurx-elf/rx-elf/rx-elf/bin/../lib/gcc/rx-elf/8.3.0.202311-GNURX/../../../../rx-elf/lib\libnosys.a
END GROUP
LOAD c:/programdata/gcc for renesas rx 8.3.0.202311-gnurx-elf/rx-elf/rx-elf/bin/../lib/gcc/rx-elf/8.3.0.202311-GNURX\libgcc.a

.exvectors      0x00000000ffffff80       0x7c
 *(.exvectors)
 .exvectors     0x00000000ffffff80       0x7c ./generate/vects.o
                0x00000000ffffff80                ExceptVectors

.fvectors       0x00000000fffffffc        0x4
 *(.fvectors)
 .fvectors      0x00000000fffffffc        0x4 ./generate/vects.o
                0x00000000fffffffc                HardwareVectors

.text           0x00000000fff80000      0x271
 *(.text)
 .text          0x00000000fff80000       0x8a ./generate/start.o
                0x00000000fff80000                PowerON_Reset
                0x00000000fff8007d                _rx_fini
                0x00000000fff8007e                exit
 *(.text.*)
 .text.main     0x00000000fff8008a        0x7 ./src/rx231_basic.o
                0x00000000fff8008a                main
 .text.HardwareSetup
                0x00000000fff80091        0x1 ./generate/hwinit.o
                0x00000000fff80091                HardwareSetup
 .text.INT_Excep_SuperVisorInst
                0x00000000fff80092        0x2 ./generate/inthandler.o
                0x00000000fff80092                INT_Excep_SuperVisorInst
 .text.INT_Excep_AccessInst
                0x00000000fff80094        0x2 ./generate/inthandler.o
                0x00000000fff80094                INT_Excep_AccessInst
 .text.INT_Excep_UndefinedInst
                0x00000000fff80096        0x2 ./generate/inthandler.o
                0x00000000fff80096                INT_Excep_UndefinedInst
 .text.INT_Excep_FloatingPoint
                0x00000000fff80098        0x2 ./generate/inthandler.o
                0x00000000fff80098                INT_Excep_FloatingPoint
 .text.INT_NonMaskableInterrupt
                0x00000000fff8009a        0x2 ./generate/inthandler.o
                0x00000000fff8009a                INT_NonMaskableInterrupt
 .text.INT_Excep_BSC_BUSERR
                0x00000000fff8009c        0x2 ./generate/inthandler.o
                0x00000000fff8009c                INT_Excep_BSC_BUSERR
 .text.INT_Excep_FCU_FRDYI
                0x00000000fff8009e        0x2 ./generate/inthandler.o
                0x00000000fff8009e                INT_Excep_FCU_FRDYI
 .text.INT_Excep_ICU_SWINT
                0x00000000fff800a0        0x2 ./generate/inthandler.o
                0x00000000fff800a0                INT_Excep_ICU_SWINT
 .text.INT_Excep_CMT0_CMI0
                0x00000000fff800a2        0x2 ./generate/inthandler.o
                0x00000000fff800a2                INT_Excep_CMT0_CMI0
 .text.INT_Excep_CMT1_CMI1
                0x00000000fff800a4        0x2 ./generate/inthandler.o
                0x00000000fff800a4                INT_Excep_CMT1_CMI1
 .text.INT_Excep_CMT2_CMI2
                0x00000000fff800a6        0x2 ./generate/inthandler.o
                0x00000000fff800a6                INT_Excep_CMT2_CMI2
 .text.INT_Excep_CMT3_CMI3
                0x00000000fff800a8        0x2 ./generate/inthandler.o
                0x00000000fff800a8                INT_Excep_CMT3_CMI3
 .text.INT_Excep_CAC_FERRF
                0x00000000fff800aa        0x2 ./generate/inthandler.o
                0x00000000fff800aa                INT_Excep_CAC_FERRF
 .text.INT_Excep_CAC_MENDF
                0x00000000fff800ac        0x2 ./generate/inthandler.o
                0x00000000fff800ac                INT_Excep_CAC_MENDF
 .text.INT_Excep_CAC_OVFF
                0x00000000fff800ae        0x2 ./generate/inthandler.o
                0x00000000fff800ae                INT_Excep_CAC_OVFF
 .text.INT_Excep_USB0_D0FIFO0
                0x00000000fff800b0        0x2 ./generate/inthandler.o
                0x00000000fff800b0                INT_Excep_USB0_D0FIFO0
 .text.INT_Excep_USB0_D1FIFO0
                0x00000000fff800b2        0x2 ./generate/inthandler.o
                0x00000000fff800b2                INT_Excep_USB0_D1FIFO0
 .text.INT_Excep_USB0_USBI0
                0x00000000fff800b4        0x2 ./generate/inthandler.o
                0x00000000fff800b4                INT_Excep_USB0_USBI0
 .text.INT_Excep_SDHI_SBFAI
                0x00000000fff800b6        0x2 ./generate/inthandler.o
                0x00000000fff800b6                INT_Excep_SDHI_SBFAI
 .text.INT_Excep_SDHI_CDETI
                0x00000000fff800b8        0x2 ./generate/inthandler.o
                0x00000000fff800b8                INT_Excep_SDHI_CDETI
 .text.INT_Excep_SDHI_CACI
                0x00000000fff800ba        0x2 ./generate/inthandler.o
                0x00000000fff800ba                INT_Excep_SDHI_CACI
 .text.INT_Excep_SDHI_SDACI
                0x00000000fff800bc        0x2 ./generate/inthandler.o
                0x00000000fff800bc                INT_Excep_SDHI_SDACI
 .text.INT_Excep_RSPI0_SPEI0
                0x00000000fff800be        0x2 ./generate/inthandler.o
                0x00000000fff800be                INT_Excep_RSPI0_SPEI0
 .text.INT_Excep_RSPI0_SPRI0
                0x00000000fff800c0        0x2 ./generate/inthandler.o
                0x00000000fff800c0                INT_Excep_RSPI0_SPRI0
 .text.INT_Excep_RSPI0_SPTI0
                0x00000000fff800c2        0x2 ./generate/inthandler.o
                0x00000000fff800c2                INT_Excep_RSPI0_SPTI0
 .text.INT_Excep_RSPI0_SPII0
                0x00000000fff800c4        0x2 ./generate/inthandler.o
                0x00000000fff800c4                INT_Excep_RSPI0_SPII0
 .text.INT_Excep_RSCAN_COMFRXINT
                0x00000000fff800c6        0x2 ./generate/inthandler.o
                0x00000000fff800c6                INT_Excep_RSCAN_COMFRXINT
 .text.INT_Excep_RSCAN_RXFINT
                0x00000000fff800c8        0x2 ./generate/inthandler.o
                0x00000000fff800c8                INT_Excep_RSCAN_RXFINT
 .text.INT_Excep_RSCAN_TXINT
                0x00000000fff800ca        0x2 ./generate/inthandler.o
                0x00000000fff800ca                INT_Excep_RSCAN_TXINT
 .text.INT_Excep_RSCAN_CHERRINT
                0x00000000fff800cc        0x2 ./generate/inthandler.o
                0x00000000fff800cc                INT_Excep_RSCAN_CHERRINT
 .text.INT_Excep_RSCAN_GLERRINT
                0x00000000fff800ce        0x2 ./generate/inthandler.o
                0x00000000fff800ce                INT_Excep_RSCAN_GLERRINT
 .text.INT_Excep_DOC_DOPCF
                0x00000000fff800d0        0x2 ./generate/inthandler.o
                0x00000000fff800d0                INT_Excep_DOC_DOPCF
 .text.INT_Excep_CMPB_CMPB0
                0x00000000fff800d2        0x2 ./generate/inthandler.o
                0x00000000fff800d2                INT_Excep_CMPB_CMPB0
 .text.INT_Excep_CMPB_CMPB1
                0x00000000fff800d4        0x2 ./generate/inthandler.o
                0x00000000fff800d4                INT_Excep_CMPB_CMPB1
 .text.INT_Excep_CTSU_CTSUWR
                0x00000000fff800d6        0x2 ./generate/inthandler.o
                0x00000000fff800d6                INT_Excep_CTSU_CTSUWR
 .text.INT_Excep_CTSU_CTSURD
                0x00000000fff800d8        0x2 ./generate/inthandler.o
                0x00000000fff800d8                INT_Excep_CTSU_CTSURD
 .text.INT_Excep_CTSU_CTSUFN
                0x00000000fff800da        0x2 ./generate/inthandler.o
                0x00000000fff800da                INT_Excep_CTSU_CTSUFN
 .text.INT_Excep_RTC_CUP
                0x00000000fff800dc        0x2 ./generate/inthandler.o
                0x00000000fff800dc                INT_Excep_RTC_CUP
 .text.INT_Excep_ICU_IRQ0
                0x00000000fff800de        0x2 ./generate/inthandler.o
                0x00000000fff800de                INT_Excep_ICU_IRQ0
 .text.INT_Excep_ICU_IRQ1
                0x00000000fff800e0        0x2 ./generate/inthandler.o
                0x00000000fff800e0                INT_Excep_ICU_IRQ1
 .text.INT_Excep_ICU_IRQ2
                0x00000000fff800e2        0x2 ./generate/inthandler.o
                0x00000000fff800e2                INT_Excep_ICU_IRQ2
 .text.INT_Excep_ICU_IRQ3
                0x00000000fff800e4        0x2 ./generate/inthandler.o
                0x00000000fff800e4                INT_Excep_ICU_IRQ3
 .text.INT_Excep_ICU_IRQ4
                0x00000000fff800e6        0x2 ./generate/inthandler.o
                0x00000000fff800e6                INT_Excep_ICU_IRQ4
 .text.INT_Excep_ICU_IRQ5
                0x00000000fff800e8        0x2 ./generate/inthandler.o
                0x00000000fff800e8                INT_Excep_ICU_IRQ5
 .text.INT_Excep_ICU_IRQ6
                0x00000000fff800ea        0x2 ./generate/inthandler.o
                0x00000000fff800ea                INT_Excep_ICU_IRQ6
 .text.INT_Excep_ICU_IRQ7
                0x00000000fff800ec        0x2 ./generate/inthandler.o
                0x00000000fff800ec                INT_Excep_ICU_IRQ7
 .text.INT_Excep_ELC_ELSR8I
                0x00000000fff800ee        0x2 ./generate/inthandler.o
                0x00000000fff800ee                INT_Excep_ELC_ELSR8I
 .text.INT_Excep_LVD_LVD1
                0x00000000fff800f0        0x2 ./generate/inthandler.o
                0x00000000fff800f0                INT_Excep_LVD_LVD1
 .text.INT_Excep_LVD_LVD2
                0x00000000fff800f2        0x2 ./generate/inthandler.o
                0x00000000fff800f2                INT_Excep_LVD_LVD2
 .text.INT_Excep_USB0_USBR0
                0x00000000fff800f4        0x2 ./generate/inthandler.o
                0x00000000fff800f4                INT_Excep_USB0_USBR0
 .text.INT_Excep_VBATT_VBTLVDI
                0x00000000fff800f6        0x2 ./generate/inthandler.o
                0x00000000fff800f6                INT_Excep_VBATT_VBTLVDI
 .text.INT_Excep_RTC_ALM
                0x00000000fff800f8        0x2 ./generate/inthandler.o
                0x00000000fff800f8                INT_Excep_RTC_ALM
 .text.INT_Excep_RTC_PRD
                0x00000000fff800fa        0x2 ./generate/inthandler.o
                0x00000000fff800fa                INT_Excep_RTC_PRD
 .text.INT_Excep_S12AD_S12ADI0
                0x00000000fff800fc        0x2 ./generate/inthandler.o
                0x00000000fff800fc                INT_Excep_S12AD_S12ADI0
 .text.INT_Excep_S12AD_GBADI
                0x00000000fff800fe        0x2 ./generate/inthandler.o
                0x00000000fff800fe                INT_Excep_S12AD_GBADI
 .text.INT_Excep_CMPB1_CMPB2
                0x00000000fff80100        0x2 ./generate/inthandler.o
                0x00000000fff80100                INT_Excep_CMPB1_CMPB2
 .text.INT_Excep_CMPB1_CMPB3
                0x00000000fff80102        0x2 ./generate/inthandler.o
                0x00000000fff80102                INT_Excep_CMPB1_CMPB3
 .text.INT_Excep_ELC_ELSR18I
                0x00000000fff80104        0x2 ./generate/inthandler.o
                0x00000000fff80104                INT_Excep_ELC_ELSR18I
 .text.INT_Excep_ELC_ELSR19I
                0x00000000fff80106        0x2 ./generate/inthandler.o
                0x00000000fff80106                INT_Excep_ELC_ELSR19I
 .text.INT_Excep_SSI0_SSIF0
                0x00000000fff80108        0x2 ./generate/inthandler.o
                0x00000000fff80108                INT_Excep_SSI0_SSIF0
 .text.INT_Excep_SSI0_SSIRXI0
                0x00000000fff8010a        0x2 ./generate/inthandler.o
                0x00000000fff8010a                INT_Excep_SSI0_SSIRXI0
 .text.INT_Excep_SSI0_SSITXI0
                0x00000000fff8010c        0x2 ./generate/inthandler.o
                0x00000000fff8010c                INT_Excep_SSI0_SSITXI0
 .text.INT_Excep_SECURITY_RD
                0x00000000fff8010e        0x2 ./generate/inthandler.o
                0x00000000fff8010e                INT_Excep_SECURITY_RD
 .text.INT_Excep_SECURITY_WR
                0x00000000fff80110        0x2 ./generate/inthandler.o
                0x00000000fff80110                INT_Excep_SECURITY_WR
 .text.INT_Excep_SECURITY_ERR
                0x00000000fff80112        0x2 ./generate/inthandler.o
                0x00000000fff80112                INT_Excep_SECURITY_ERR
 .text.INT_Excep_MTU0_TGIA0
                0x00000000fff80114        0x2 ./generate/inthandler.o
                0x00000000fff80114                INT_Excep_MTU0_TGIA0
 .text.INT_Excep_MTU0_TGIB0
                0x00000000fff80116        0x2 ./generate/inthandler.o
                0x00000000fff80116                INT_Excep_MTU0_TGIB0
 .text.INT_Excep_MTU0_TGIC0
                0x00000000fff80118        0x2 ./generate/inthandler.o
                0x00000000fff80118                INT_Excep_MTU0_TGIC0
 .text.INT_Excep_MTU0_TGID0
                0x00000000fff8011a        0x2 ./generate/inthandler.o
                0x00000000fff8011a                INT_Excep_MTU0_TGID0
 .text.INT_Excep_MTU0_TCIV0
                0x00000000fff8011c        0x2 ./generate/inthandler.o
                0x00000000fff8011c                INT_Excep_MTU0_TCIV0
 .text.INT_Excep_MTU0_TGIE0
                0x00000000fff8011e        0x2 ./generate/inthandler.o
                0x00000000fff8011e                INT_Excep_MTU0_TGIE0
 .text.INT_Excep_MTU0_TGIF0
                0x00000000fff80120        0x2 ./generate/inthandler.o
                0x00000000fff80120                INT_Excep_MTU0_TGIF0
 .text.INT_Excep_MTU1_TGIA1
                0x00000000fff80122        0x2 ./generate/inthandler.o
                0x00000000fff80122                INT_Excep_MTU1_TGIA1
 .text.INT_Excep_MTU1_TGIB1
                0x00000000fff80124        0x2 ./generate/inthandler.o
                0x00000000fff80124                INT_Excep_MTU1_TGIB1
 .text.INT_Excep_MTU1_TCIV1
                0x00000000fff80126        0x2 ./generate/inthandler.o
                0x00000000fff80126                INT_Excep_MTU1_TCIV1
 .text.INT_Excep_MTU1_TCIU1
                0x00000000fff80128        0x2 ./generate/inthandler.o
                0x00000000fff80128                INT_Excep_MTU1_TCIU1
 .text.INT_Excep_MTU2_TGIA2
                0x00000000fff8012a        0x2 ./generate/inthandler.o
                0x00000000fff8012a                INT_Excep_MTU2_TGIA2
 .text.INT_Excep_MTU2_TGIB2
                0x00000000fff8012c        0x2 ./generate/inthandler.o
                0x00000000fff8012c                INT_Excep_MTU2_TGIB2
 .text.INT_Excep_MTU2_TCIV2
                0x00000000fff8012e        0x2 ./generate/inthandler.o
                0x00000000fff8012e                INT_Excep_MTU2_TCIV2
 .text.INT_Excep_MTU2_TCIU2
                0x00000000fff80130        0x2 ./generate/inthandler.o
                0x00000000fff80130                INT_Excep_MTU2_TCIU2
 .text.INT_Excep_MTU3_TGIA3
                0x00000000fff80132        0x2 ./generate/inthandler.o
                0x00000000fff80132                INT_Excep_MTU3_TGIA3
 .text.INT_Excep_MTU3_TGIB3
                0x00000000fff80134        0x2 ./generate/inthandler.o
                0x00000000fff80134                INT_Excep_MTU3_TGIB3
 .text.INT_Excep_MTU3_TGIC3
                0x00000000fff80136        0x2 ./generate/inthandler.o
                0x00000000fff80136                INT_Excep_MTU3_TGIC3
 .text.INT_Excep_MTU3_TGID3
                0x00000000fff80138        0x2 ./generate/inthandler.o
                0x00000000fff80138                INT_Excep_MTU3_TGID3
 .text.INT_Excep_MTU3_TCIV3
                0x00000000fff8013a        0x2 ./generate/inthandler.o
                0x00000000fff8013a                INT_Excep_MTU3_TCIV3
 .text.INT_Excep_MTU4_TGIA4
                0x00000000fff8013c        0x2 ./generate/inthandler.o
                0x00000000fff8013c                INT_Excep_MTU4_TGIA4
 .text.INT_Excep_MTU4_TGIB4
                0x00000000fff8013e        0x2 ./generate/inthandler.o
                0x00000000fff8013e                INT_Excep_MTU4_TGIB4
 .text.INT_Excep_MTU4_TGIC4
                0x00000000fff80140        0x2 ./generate/inthandler.o
                0x00000000fff80140                INT_Excep_MTU4_TGIC4
 .text.INT_Excep_MTU4_TGID4
                0x00000000fff80142        0x2 ./generate/inthandler.o
                0x00000000fff80142                INT_Excep_MTU4_TGID4
 .text.INT_Excep_MTU4_TCIV4
                0x00000000fff80144        0x2 ./generate/inthandler.o
                0x00000000fff80144                INT_Excep_MTU4_TCIV4
 .text.INT_Excep_MTU5_TGIU5
                0x00000000fff80146        0x2 ./generate/inthandler.o
                0x00000000fff80146                INT_Excep_MTU5_TGIU5
 .text.INT_Excep_MTU5_TGIV5
                0x00000000fff80148        0x2 ./generate/inthandler.o
                0x00000000fff80148                INT_Excep_MTU5_TGIV5
 .text.INT_Excep_MTU5_TGIW5
                0x00000000fff8014a        0x2 ./generate/inthandler.o
                0x00000000fff8014a                INT_Excep_MTU5_TGIW5
 .text.INT_Excep_TPU0_TGI0A
                0x00000000fff8014c        0x2 ./generate/inthandler.o
                0x00000000fff8014c                INT_Excep_TPU0_TGI0A
 .text.INT_Excep_TPU0_TGI0B
                0x00000000fff8014e        0x2 ./generate/inthandler.o
                0x00000000fff8014e                INT_Excep_TPU0_TGI0B
 .text.INT_Excep_TPU0_TGI0C
                0x00000000fff80150        0x2 ./generate/inthandler.o
                0x00000000fff80150                INT_Excep_TPU0_TGI0C
 .text.INT_Excep_TPU0_TGI0D
                0x00000000fff80152        0x2 ./generate/inthandler.o
                0x00000000fff80152                INT_Excep_TPU0_TGI0D
 .text.INT_Excep_TPU0_TCI0V
                0x00000000fff80154        0x2 ./generate/inthandler.o
                0x00000000fff80154                INT_Excep_TPU0_TCI0V
 .text.INT_Excep_TPU1_TGI1A
                0x00000000fff80156        0x2 ./generate/inthandler.o
                0x00000000fff80156                INT_Excep_TPU1_TGI1A
 .text.INT_Excep_TPU1_TGI1B
                0x00000000fff80158        0x2 ./generate/inthandler.o
                0x00000000fff80158                INT_Excep_TPU1_TGI1B
 .text.INT_Excep_TPU1_TCI1V
                0x00000000fff8015a        0x2 ./generate/inthandler.o
                0x00000000fff8015a                INT_Excep_TPU1_TCI1V
 .text.INT_Excep_TPU1_TCI1U
                0x00000000fff8015c        0x2 ./generate/inthandler.o
                0x00000000fff8015c                INT_Excep_TPU1_TCI1U
 .text.INT_Excep_TPU2_TGI2A
                0x00000000fff8015e        0x2 ./generate/inthandler.o
                0x00000000fff8015e                INT_Excep_TPU2_TGI2A
 .text.INT_Excep_TPU2_TGI2B
                0x00000000fff80160        0x2 ./generate/inthandler.o
                0x00000000fff80160                INT_Excep_TPU2_TGI2B
 .text.INT_Excep_TPU2_TCI2V
                0x00000000fff80162        0x2 ./generate/inthandler.o
                0x00000000fff80162                INT_Excep_TPU2_TCI2V
 .text.INT_Excep_TPU2_TCI2U
                0x00000000fff80164        0x2 ./generate/inthandler.o
                0x00000000fff80164                INT_Excep_TPU2_TCI2U
 .text.INT_Excep_TPU3_TGI3A
                0x00000000fff80166        0x2 ./generate/inthandler.o
                0x00000000fff80166                INT_Excep_TPU3_TGI3A
 .text.INT_Excep_TPU3_TGI3B
                0x00000000fff80168        0x2 ./generate/inthandler.o
                0x00000000fff80168                INT_Excep_TPU3_TGI3B
 .text.INT_Excep_TPU3_TGI3C
                0x00000000fff8016a        0x2 ./generate/inthandler.o
                0x00000000fff8016a                INT_Excep_TPU3_TGI3C
 .text.INT_Excep_TPU3_TGI3D
                0x00000000fff8016c        0x2 ./generate/inthandler.o
                0x00000000fff8016c                INT_Excep_TPU3_TGI3D
 .text.INT_Excep_TPU3_TCI3V
                0x00000000fff8016e        0x2 ./generate/inthandler.o
                0x00000000fff8016e                INT_Excep_TPU3_TCI3V
 .text.INT_Excep_TPU4_TGI4A
                0x00000000fff80170        0x2 ./generate/inthandler.o
                0x00000000fff80170                INT_Excep_TPU4_TGI4A
 .text.INT_Excep_TPU4_TGI4B
                0x00000000fff80172        0x2 ./generate/inthandler.o
                0x00000000fff80172                INT_Excep_TPU4_TGI4B
 .text.INT_Excep_TPU4_TCI4V
                0x00000000fff80174        0x2 ./generate/inthandler.o
                0x00000000fff80174                INT_Excep_TPU4_TCI4V
 .text.INT_Excep_TPU4_TCI4U
                0x00000000fff80176        0x2 ./generate/inthandler.o
                0x00000000fff80176                INT_Excep_TPU4_TCI4U
 .text.INT_Excep_TPU5_TGI5A
                0x00000000fff80178        0x2 ./generate/inthandler.o
                0x00000000fff80178                INT_Excep_TPU5_TGI5A
 .text.INT_Excep_TPU5_TGI5B
                0x00000000fff8017a        0x2 ./generate/inthandler.o
                0x00000000fff8017a                INT_Excep_TPU5_TGI5B
 .text.INT_Excep_TPU5_TCI5V
                0x00000000fff8017c        0x2 ./generate/inthandler.o
                0x00000000fff8017c                INT_Excep_TPU5_TCI5V
 .text.INT_Excep_TPU5_TCI5U
                0x00000000fff8017e        0x2 ./generate/inthandler.o
                0x00000000fff8017e                INT_Excep_TPU5_TCI5U
 .text.INT_Excep_POE_OEI1
                0x00000000fff80180        0x2 ./generate/inthandler.o
                0x00000000fff80180                INT_Excep_POE_OEI1
 .text.INT_Excep_POE_OEI2
                0x00000000fff80182        0x2 ./generate/inthandler.o
                0x00000000fff80182                INT_Excep_POE_OEI2
 .text.INT_Excep_TMR0_CMIA0
                0x00000000fff80184        0x2 ./generate/inthandler.o
                0x00000000fff80184                INT_Excep_TMR0_CMIA0
 .text.INT_Excep_TMR0_CMIB0
                0x00000000fff80186        0x2 ./generate/inthandler.o
                0x00000000fff80186                INT_Excep_TMR0_CMIB0
 .text.INT_Excep_TMR0_OVI0
                0x00000000fff80188        0x2 ./generate/inthandler.o
                0x00000000fff80188                INT_Excep_TMR0_OVI0
 .text.INT_Excep_TMR1_CMIA1
                0x00000000fff8018a        0x2 ./generate/inthandler.o
                0x00000000fff8018a                INT_Excep_TMR1_CMIA1
 .text.INT_Excep_TMR1_CMIB1
                0x00000000fff8018c        0x2 ./generate/inthandler.o
                0x00000000fff8018c                INT_Excep_TMR1_CMIB1
 .text.INT_Excep_TMR1_OVI1
                0x00000000fff8018e        0x2 ./generate/inthandler.o
                0x00000000fff8018e                INT_Excep_TMR1_OVI1
 .text.INT_Excep_TMR2_CMIA2
                0x00000000fff80190        0x2 ./generate/inthandler.o
                0x00000000fff80190                INT_Excep_TMR2_CMIA2
 .text.INT_Excep_TMR2_CMIB2
                0x00000000fff80192        0x2 ./generate/inthandler.o
                0x00000000fff80192                INT_Excep_TMR2_CMIB2
 .text.INT_Excep_TMR2_OVI2
                0x00000000fff80194        0x2 ./generate/inthandler.o
                0x00000000fff80194                INT_Excep_TMR2_OVI2
 .text.INT_Excep_TMR3_CMIA3
                0x00000000fff80196        0x2 ./generate/inthandler.o
                0x00000000fff80196                INT_Excep_TMR3_CMIA3
 .text.INT_Excep_TMR3_CMIB3
                0x00000000fff80198        0x2 ./generate/inthandler.o
                0x00000000fff80198                INT_Excep_TMR3_CMIB3
 .text.INT_Excep_TMR3_OVI3
                0x00000000fff8019a        0x2 ./generate/inthandler.o
                0x00000000fff8019a                INT_Excep_TMR3_OVI3
 .text.INT_Excep_DMAC_DMAC0I
                0x00000000fff8019c        0x2 ./generate/inthandler.o
                0x00000000fff8019c                INT_Excep_DMAC_DMAC0I
 .text.INT_Excep_DMAC_DMAC1I
                0x00000000fff8019e        0x2 ./generate/inthandler.o
                0x00000000fff8019e                INT_Excep_DMAC_DMAC1I
 .text.INT_Excep_DMAC_DMAC2I
                0x00000000fff801a0        0x2 ./generate/inthandler.o
                0x00000000fff801a0                INT_Excep_DMAC_DMAC2I
 .text.INT_Excep_DMAC_DMAC3I
                0x00000000fff801a2        0x2 ./generate/inthandler.o
                0x00000000fff801a2                INT_Excep_DMAC_DMAC3I
 .text.INT_Excep_SCI0_ERI0
                0x00000000fff801a4        0x2 ./generate/inthandler.o
                0x00000000fff801a4                INT_Excep_SCI0_ERI0
 .text.INT_Excep_SCI0_RXI0
                0x00000000fff801a6        0x2 ./generate/inthandler.o
                0x00000000fff801a6                INT_Excep_SCI0_RXI0
 .text.INT_Excep_SCI0_TXI0
                0x00000000fff801a8        0x2 ./generate/inthandler.o
                0x00000000fff801a8                INT_Excep_SCI0_TXI0
 .text.INT_Excep_SCI0_TEI0
                0x00000000fff801aa        0x2 ./generate/inthandler.o
                0x00000000fff801aa                INT_Excep_SCI0_TEI0
 .text.INT_Excep_SCI1_ERI1
                0x00000000fff801ac        0x2 ./generate/inthandler.o
                0x00000000fff801ac                INT_Excep_SCI1_ERI1
 .text.INT_Excep_SCI1_RXI1
                0x00000000fff801ae        0x2 ./generate/inthandler.o
                0x00000000fff801ae                INT_Excep_SCI1_RXI1
 .text.INT_Excep_SCI1_TXI1
                0x00000000fff801b0        0x2 ./generate/inthandler.o
                0x00000000fff801b0                INT_Excep_SCI1_TXI1
 .text.INT_Excep_SCI1_TEI1
                0x00000000fff801b2        0x2 ./generate/inthandler.o
                0x00000000fff801b2                INT_Excep_SCI1_TEI1
 .text.INT_Excep_SCI5_ERI5
                0x00000000fff801b4        0x2 ./generate/inthandler.o
                0x00000000fff801b4                INT_Excep_SCI5_ERI5
 .text.INT_Excep_SCI5_RXI5
                0x00000000fff801b6        0x2 ./generate/inthandler.o
                0x00000000fff801b6                INT_Excep_SCI5_RXI5
 .text.INT_Excep_SCI5_TXI5
                0x00000000fff801b8        0x2 ./generate/inthandler.o
                0x00000000fff801b8                INT_Excep_SCI5_TXI5
 .text.INT_Excep_SCI5_TEI5
                0x00000000fff801ba        0x2 ./generate/inthandler.o
                0x00000000fff801ba                INT_Excep_SCI5_TEI5
 .text.INT_Excep_SCI6_ERI6
                0x00000000fff801bc        0x2 ./generate/inthandler.o
                0x00000000fff801bc                INT_Excep_SCI6_ERI6
 .text.INT_Excep_SCI6_RXI6
                0x00000000fff801be        0x2 ./generate/inthandler.o
                0x00000000fff801be                INT_Excep_SCI6_RXI6
 .text.INT_Excep_SCI6_TXI6
                0x00000000fff801c0        0x2 ./generate/inthandler.o
                0x00000000fff801c0                INT_Excep_SCI6_TXI6
 .text.INT_Excep_SCI6_TEI6
                0x00000000fff801c2        0x2 ./generate/inthandler.o
                0x00000000fff801c2                INT_Excep_SCI6_TEI6
 .text.INT_Excep_SCI8_ERI8
                0x00000000fff801c4        0x2 ./generate/inthandler.o
                0x00000000fff801c4                INT_Excep_SCI8_ERI8
 .text.INT_Excep_SCI8_RXI8
                0x00000000fff801c6        0x2 ./generate/inthandler.o
                0x00000000fff801c6                INT_Excep_SCI8_RXI8
 .text.INT_Excep_SCI8_TXI8
                0x00000000fff801c8        0x2 ./generate/inthandler.o
                0x00000000fff801c8                INT_Excep_SCI8_TXI8
 .text.INT_Excep_SCI8_TEI8
                0x00000000fff801ca        0x2 ./generate/inthandler.o
                0x00000000fff801ca                INT_Excep_SCI8_TEI8
 .text.INT_Excep_SCI9_ERI9
                0x00000000fff801cc        0x2 ./generate/inthandler.o
                0x00000000fff801cc                INT_Excep_SCI9_ERI9
 .text.INT_Excep_SCI9_RXI9
                0x00000000fff801ce        0x2 ./generate/inthandler.o
                0x00000000fff801ce                INT_Excep_SCI9_RXI9
 .text.INT_Excep_SCI9_TXI9
                0x00000000fff801d0        0x2 ./generate/inthandler.o
                0x00000000fff801d0                INT_Excep_SCI9_TXI9
 .text.INT_Excep_SCI9_TEI9
                0x00000000fff801d2        0x2 ./generate/inthandler.o
                0x00000000fff801d2                INT_Excep_SCI9_TEI9
 .text.INT_Excep_SCI12_ERI12
                0x00000000fff801d4        0x2 ./generate/inthandler.o
                0x00000000fff801d4                INT_Excep_SCI12_ERI12
 .text.INT_Excep_SCI12_RXI12
                0x00000000fff801d6        0x2 ./generate/inthandler.o
                0x00000000fff801d6                INT_Excep_SCI12_RXI12
 .text.INT_Excep_SCI12_TXI12
                0x00000000fff801d8        0x2 ./generate/inthandler.o
                0x00000000fff801d8                INT_Excep_SCI12_TXI12
 .text.INT_Excep_SCI12_TEI12
                0x00000000fff801da        0x2 ./generate/inthandler.o
                0x00000000fff801da                INT_Excep_SCI12_TEI12
 .text.INT_Excep_SCI12_SCIX0
                0x00000000fff801dc        0x2 ./generate/inthandler.o
                0x00000000fff801dc                INT_Excep_SCI12_SCIX0
 .text.INT_Excep_SCI12_SCIX1
                0x00000000fff801de        0x2 ./generate/inthandler.o
                0x00000000fff801de                INT_Excep_SCI12_SCIX1
 .text.INT_Excep_SCI12_SCIX2
                0x00000000fff801e0        0x2 ./generate/inthandler.o
                0x00000000fff801e0                INT_Excep_SCI12_SCIX2
 .text.INT_Excep_SCI12_SCIX3
                0x00000000fff801e2        0x2 ./generate/inthandler.o
                0x00000000fff801e2                INT_Excep_SCI12_SCIX3
 .text.INT_Excep_RIIC0_EEI0
                0x00000000fff801e4        0x2 ./generate/inthandler.o
                0x00000000fff801e4                INT_Excep_RIIC0_EEI0
 .text.INT_Excep_RIIC0_RXI0
                0x00000000fff801e6        0x2 ./generate/inthandler.o
                0x00000000fff801e6                INT_Excep_RIIC0_RXI0
 .text.INT_Excep_RIIC0_TXI0
                0x00000000fff801e8        0x2 ./generate/inthandler.o
                0x00000000fff801e8                INT_Excep_RIIC0_TXI0
 .text.INT_Excep_RIIC0_TEI0
                0x00000000fff801ea        0x2 ./generate/inthandler.o
                0x00000000fff801ea                INT_Excep_RIIC0_TEI0
 .text.__call_exitprocs
                0x00000000fff801ec       0x85 c:/programdata/gcc for renesas rx 8.3.0.202311-gnurx-elf/rx-elf/rx-elf/bin/../lib/gcc/rx-elf/8.3.0.202311-GNURX/../../../../rx-elf/lib\libc.a(lib_a-__call_atexit.o)
                0x00000000fff801ec                __call_exitprocs
 *(P)
                0x00000000fff80271                etext = .

.rvectors       0x00000000fff80274      0x400
                0x00000000fff80274                _rvectors_start = .
 *(.rvectors)
 .rvectors      0x00000000fff80274      0x400 ./generate/vects.o
                0x00000000fff80274                RelocatableVectors
                0x00000000fff80674                _rvectors_end = .

.init           0x00000000fff80674        0x0
 *(.init)
                0x00000000fff80674                __preinit_array_start = .
 *(.preinit_array)
                0x00000000fff80674                __preinit_array_end = .
                0x00000000fff80674                __init_array_start = ((. + 0x3) & 0xfffffffffffffffc)
 *(.init_array)
 *(SORT_BY_NAME(.init_array.*))
                0x00000000fff80674                __init_array_end = .
                0x00000000fff80674                __fini_array_start = .
 *(.fini_array)
 *(SORT_BY_NAME(.fini_array.*))
                0x00000000fff80674                __fini_array_end = .

.fini
 *(.fini)

.got
 *(.got)
 *(.got.plt)

.rodata         0x00000000fff80674        0x4
 *(.rodata)
 *(.rodata.*)
 .rodata._global_impure_ptr
                0x00000000fff80674        0x4 c:/programdata/gcc for renesas rx 8.3.0.202311-gnurx-elf/rx-elf/rx-elf/bin/../lib/gcc/rx-elf/8.3.0.202311-GNURX/../../../../rx-elf/lib\libc.a(lib_a-impure.o)
                0x00000000fff80674                _global_impure_ptr
 *(C_1)
 *(C_2)
 *(C)
                0x00000000fff80678                _erodata = .

gcc_exceptions_table
 *(.gcc_except_table)
 *(.gcc_except_table.*)

.eh_frame_hdr
 *(.eh_frame_hdr)

.eh_frame
 *(.eh_frame)

.jcr
 *(.jcr)

.tors           0x00000000fff80678        0x0
                0x00000000fff80678                __CTOR_LIST__ = .
                0x00000000fff80678                . = ALIGN (0x2)
                0x00000000fff80678                ___ctors = .
 *(.ctors)
                0x00000000fff80678                ___ctors_end = .
                0x00000000fff80678                __CTOR_END__ = .
                0x00000000fff80678                __DTOR_LIST__ = .
                0x00000000fff80678                ___dtors = .
 *(.dtors)
                0x00000000fff80678                ___dtors_end = .
                0x00000000fff80678                __DTOR_END__ = .
                0x00000000fff80678                . = ALIGN (0x2)
                0x00000000fff80678                _mdata = .

.ustack         0x0000000000000200        0x0
                0x0000000000000200                _ustack = .

.istack         0x0000000000000100        0x0
                0x0000000000000100                _istack = .

.data           0x0000000000000204      0x424 load address 0x00000000fff80678
                0x0000000000000204                _data = .
 *(.data)
 *(.data.*)
 .data.impure_data
                0x0000000000000204      0x424 c:/programdata/gcc for renesas rx 8.3.0.202311-gnurx-elf/rx-elf/rx-elf/bin/../lib/gcc/rx-elf/8.3.0.202311-GNURX/../../../../rx-elf/lib\libc.a(lib_a-impure.o)
 *(D)
 *(D_1)
 *(D_2)
                0x0000000000000628                _edata = .

.bss            0x0000000000000628       0x58
                0x0000000000000628                _bss = .
 *(.bss)
 *(.bss.**)
 *(COMMON)
 *(B)
 *(B_1)
 *(B_2)
                0x0000000000000628                _ebss = .
                0x0000000000000680                . = ALIGN (0x80)
 *fill*         0x0000000000000628       0x58 
                0x0000000000000680                _end = .
OUTPUT(rx231_basic.elf elf32-rx-le)

.debug_frame    0x0000000000000000      0xb54
 .debug_frame   0x0000000000000000       0x2c ./src/rx231_basic.o
 .debug_frame   0x000000000000002c       0x24 ./generate/hwinit.o
 .debug_frame   0x0000000000000050      0xb04 ./generate/inthandler.o

.debug_info     0x0000000000000000      0xe9e
 .debug_info    0x0000000000000000       0x9c ./src/rx231_basic.o
 .debug_info    0x000000000000009c       0x5b ./generate/hwinit.o
 .debug_info    0x00000000000000f7      0xcd3 ./generate/inthandler.o
 .debug_info    0x0000000000000dca       0x26 ./generate/start.o
 .debug_info    0x0000000000000df0       0xae ./generate/vects.o

.debug_abbrev   0x0000000000000000      0x15e
 .debug_abbrev  0x0000000000000000       0x5e ./src/rx231_basic.o
 .debug_abbrev  0x000000000000005e       0x39 ./generate/hwinit.o
 .debug_abbrev  0x0000000000000097       0x48 ./generate/inthandler.o
 .debug_abbrev  0x00000000000000df       0x14 ./generate/start.o
 .debug_abbrev  0x00000000000000f3       0x6b ./generate/vects.o

.debug_aranges  0x0000000000000000      0x608
 .debug_aranges
                0x0000000000000000       0x20 ./src/rx231_basic.o
 .debug_aranges
                0x0000000000000020       0x20 ./generate/hwinit.o
 .debug_aranges
                0x0000000000000040      0x590 ./generate/inthandler.o
 .debug_aranges
                0x00000000000005d0       0x20 ./generate/start.o
 .debug_aranges
                0x00000000000005f0       0x18 ./generate/vects.o

.debug_ranges   0x0000000000000000      0x5a0
 .debug_ranges  0x0000000000000000       0x10 ./src/rx231_basic.o
 .debug_ranges  0x0000000000000010       0x10 ./generate/hwinit.o
 .debug_ranges  0x0000000000000020      0x580 ./generate/inthandler.o

.debug_line     0x0000000000000000     0x1282
 .debug_line    0x0000000000000000       0x5c ./src/rx231_basic.o
 .debug_line    0x000000000000005c       0x49 ./generate/hwinit.o
 .debug_line    0x00000000000000a5     0x113e ./generate/inthandler.o
 .debug_line    0x00000000000011e3       0x6b ./generate/start.o
 .debug_line    0x000000000000124e       0x34 ./generate/vects.o

.debug_str      0x0000000000000000     0x1038
 .debug_str     0x0000000000000000      0x14d ./src/rx231_basic.o
                                        0x186 (size before relaxing)
 .debug_str     0x000000000000014d       0x23 ./generate/hwinit.o
                                        0x14b (size before relaxing)
 .debug_str     0x0000000000000170      0xe61 ./generate/inthandler.o
                                        0xf44 (size before relaxing)
 .debug_str     0x0000000000000fd1       0x22 ./generate/start.o
                                         0x63 (size before relaxing)
 .debug_str     0x0000000000000ff3       0x45 ./generate/vects.o
                                        0x13a (size before relaxing)

.comment        0x0000000000000000       0x6c
 .comment       0x0000000000000000       0x36 ./src/rx231_basic.o
                                         0x37 (size before relaxing)
 .comment       0x0000000000000036       0x37 ./generate/hwinit.o
 .comment       0x0000000000000036       0x37 ./generate/inthandler.o
 .comment       0x0000000000000036       0x37 ./generate/vects.o
 .comment       0x0000000000000036       0x36 c:/programdata/gcc for renesas rx 8.3.0.202311-gnurx-elf/rx-elf/rx-elf/bin/../lib/gcc/rx-elf/8.3.0.202311-GNURX/../../../../rx-elf/lib\libc.a(lib_a-__call_atexit.o)
                                         0x37 (size before relaxing)
 .comment       0x000000000000006c       0x37 c:/programdata/gcc for renesas rx 8.3.0.202311-gnurx-elf/rx-elf/rx-elf/bin/../lib/gcc/rx-elf/8.3.0.202311-GNURX/../../../../rx-elf/lib\libc.a(lib_a-impure.o)
