Archive member included to satisfy reference by file (symbol)

c:/programdata/gcc for renesas rx 8.3.0.202311-gnurx-elf/rx-elf/rx-elf/bin/../lib/gcc/rx-elf/8.3.0.202311-GNURX/../../../../rx-elf/lib\libc.a(lib_a-__call_atexit.o)
                              ./generate/start.o (__call_exitprocs)
c:/programdata/gcc for renesas rx 8.3.0.202311-gnurx-elf/rx-elf/rx-elf/bin/../lib/gcc/rx-elf/8.3.0.202311-GNURX/../../../../rx-elf/lib\libc.a(lib_a-impure.o)
                              c:/programdata/gcc for renesas rx 8.3.0.202311-gnurx-elf/rx-elf/rx-elf/bin/../lib/gcc/rx-elf/8.3.0.202311-GNURX/../../../../rx-elf/lib\libc.a(lib_a-__call_atexit.o) (_global_impure_ptr)

Allocating common symbols
Common symbol       size              file

cmd_buf             0x100             ./src/main.o
result_crc16u       0x2               ./src/module/crc.o
result_crc16c       0x2               ./src/module/crc.o
result_crc8         0x2               ./src/module/crc.o

Discarded input sections

 P              0x0000000000000000        0x0 ./src/module/crc.o
 D_1            0x0000000000000000        0x0 ./src/module/crc.o
 B_1            0x0000000000000000        0x0 ./src/module/crc.o
 .text.crc_reset
                0x0000000000000000       0x2f ./src/module/crc.o
 .text.crc_input
                0x0000000000000000        0x8 ./src/module/crc.o
 .text.crc_output
                0x0000000000000000       0x1b ./src/module/crc.o
 .text.crc_test
                0x0000000000000000       0x7c ./src/module/crc.o
 .bss.selected_argorithm
                0x0000000000000000        0x4 ./src/module/crc.o
 .debug_frame   0x0000000000000000       0x60 ./src/module/crc.o
 .debug_info    0x0000000000000000      0x321 ./src/module/crc.o
 .debug_abbrev  0x0000000000000000      0x1bd ./src/module/crc.o
 .debug_loc     0x0000000000000000      0x116 ./src/module/crc.o
 .debug_aranges
                0x0000000000000000       0x38 ./src/module/crc.o
 .debug_ranges  0x0000000000000000       0x28 ./src/module/crc.o
 .debug_line    0x0000000000000000      0x2bb ./src/module/crc.o
 .debug_str     0x0000000000000000      0x26c ./src/module/crc.o
 .comment       0x0000000000000000       0x37 ./src/module/crc.o
 COMMON         0x0000000000000000        0x6 ./src/module/crc.o
 P              0x0000000000000000        0x0 ./src/main.o
 D_1            0x0000000000000000        0x0 ./src/main.o
 B_1            0x0000000000000000        0x0 ./src/main.o
 COMMON         0x0000000000000000      0x100 ./src/main.o
 P              0x0000000000000000        0x0 ./src/utility.o
 D_1            0x0000000000000000        0x0 ./src/utility.o
 B_1            0x0000000000000000        0x0 ./src/utility.o
 .debug_line    0x0000000000000000        0x0 ./src/utility.o
 .debug_str     0x0000000000000000       0xf4 ./src/utility.o
 .comment       0x0000000000000000       0x37 ./src/utility.o
 P              0x0000000000000000        0x0 ./generate/hwinit.o
 D_1            0x0000000000000000        0x0 ./generate/hwinit.o
 B_1            0x0000000000000000        0x0 ./generate/hwinit.o
 P              0x0000000000000000        0x0 ./generate/inthandler.o
 D_1            0x0000000000000000        0x0 ./generate/inthandler.o
 B_1            0x0000000000000000        0x0 ./generate/inthandler.o
 .text.INT_Dummy
                0x0000000000000000        0x2 ./generate/inthandler.o
 .text.INT_Excep_BRK
                0x0000000000000000        0x2 ./generate/inthandler.o
 P              0x0000000000000000        0x0 ./generate/start.o
 D_1            0x0000000000000000        0x0 ./generate/start.o
 B_1            0x0000000000000000        0x0 ./generate/start.o
 P              0x0000000000000000        0x0 ./generate/vects.o
 D_1            0x0000000000000000        0x0 ./generate/vects.o
 B_1            0x0000000000000000        0x0 ./generate/vects.o
 P              0x0000000000000000        0x0 c:/programdata/gcc for renesas rx 8.3.0.202311-gnurx-elf/rx-elf/rx-elf/bin/../lib/gcc/rx-elf/8.3.0.202311-GNURX/../../../../rx-elf/lib\libc.a(lib_a-__call_atexit.o)
 D_1            0x0000000000000000        0x0 c:/programdata/gcc for renesas rx 8.3.0.202311-gnurx-elf/rx-elf/rx-elf/bin/../lib/gcc/rx-elf/8.3.0.202311-GNURX/../../../../rx-elf/lib\libc.a(lib_a-__call_atexit.o)
 B_1            0x0000000000000000        0x0 c:/programdata/gcc for renesas rx 8.3.0.202311-gnurx-elf/rx-elf/rx-elf/bin/../lib/gcc/rx-elf/8.3.0.202311-GNURX/../../../../rx-elf/lib\libc.a(lib_a-__call_atexit.o)
 P              0x0000000000000000        0x0 c:/programdata/gcc for renesas rx 8.3.0.202311-gnurx-elf/rx-elf/rx-elf/bin/../lib/gcc/rx-elf/8.3.0.202311-GNURX/../../../../rx-elf/lib\libc.a(lib_a-impure.o)
 D_1            0x0000000000000000        0x0 c:/programdata/gcc for renesas rx 8.3.0.202311-gnurx-elf/rx-elf/rx-elf/bin/../lib/gcc/rx-elf/8.3.0.202311-GNURX/../../../../rx-elf/lib\libc.a(lib_a-impure.o)
 B_1            0x0000000000000000        0x0 c:/programdata/gcc for renesas rx 8.3.0.202311-gnurx-elf/rx-elf/rx-elf/bin/../lib/gcc/rx-elf/8.3.0.202311-GNURX/../../../../rx-elf/lib\libc.a(lib_a-impure.o)
 .data._impure_ptr
                0x0000000000000000        0x4 c:/programdata/gcc for renesas rx 8.3.0.202311-gnurx-elf/rx-elf/rx-elf/bin/../lib/gcc/rx-elf/8.3.0.202311-GNURX/../../../../rx-elf/lib\libc.a(lib_a-impure.o)

Memory Configuration

Name             Origin             Length             Attributes
RAM              0x0000000000000000 0x0000000000010000
ROM              0x00000000fff80000 0x0000000000080000
*default*        0x0000000000000000 0xffffffffffffffff

Linker script and memory map

LOAD ./src/module/crc.o
LOAD ./src/main.o
LOAD ./src/utility.o
LOAD ./generate/hwinit.o
LOAD ./generate/inthandler.o
LOAD ./generate/start.o
LOAD ./generate/vects.o
START GROUP
LOAD c:/programdata/gcc for renesas rx 8.3.0.202311-gnurx-elf/rx-elf/rx-elf/bin/../lib/gcc/rx-elf/8.3.0.202311-GNURX/../../../../rx-elf/lib\libm.a
LOAD c:/programdata/gcc for renesas rx 8.3.0.202311-gnurx-elf/rx-elf/rx-elf/bin/../lib/gcc/rx-elf/8.3.0.202311-GNURX/../../../../rx-elf/lib\libc.a
LOAD c:/programdata/gcc for renesas rx 8.3.0.202311-gnurx-elf/rx-elf/rx-elf/bin/../lib/gcc/rx-elf/8.3.0.202311-GNURX\libgcc.a
END GROUP
LOAD c:/programdata/gcc for renesas rx 8.3.0.202311-gnurx-elf/rx-elf/rx-elf/bin/../lib/gcc/rx-elf/8.3.0.202311-GNURX\libgcc.a
START GROUP
LOAD c:/programdata/gcc for renesas rx 8.3.0.202311-gnurx-elf/rx-elf/rx-elf/bin/../lib/gcc/rx-elf/8.3.0.202311-GNURX/../../../../rx-elf/lib\libc.a
LOAD c:/programdata/gcc for renesas rx 8.3.0.202311-gnurx-elf/rx-elf/rx-elf/bin/../lib/gcc/rx-elf/8.3.0.202311-GNURX/../../../../rx-elf/lib\libnosys.a
END GROUP
LOAD c:/programdata/gcc for renesas rx 8.3.0.202311-gnurx-elf/rx-elf/rx-elf/bin/../lib/gcc/rx-elf/8.3.0.202311-GNURX\libgcc.a

.exvectors      0x00000000ffffff80       0x7c
 *(.exvectors)
 .exvectors     0x00000000ffffff80       0x7c ./generate/vects.o
                0x00000000ffffff80                ExceptVectors

.fvectors       0x00000000fffffffc        0x4
 *(.fvectors)
 .fvectors      0x00000000fffffffc        0x4 ./generate/vects.o
                0x00000000fffffffc                HardwareVectors

.text           0x00000000fff80000      0x26c
 *(.text)
 .text          0x00000000fff80000       0x8a ./generate/start.o
                0x00000000fff80000                PowerON_Reset
                0x00000000fff8007d                _rx_fini
                0x00000000fff8007e                exit
 *(.text.*)
 .text.main     0x00000000fff8008a        0x2 ./src/main.o
                0x00000000fff8008a                main
 .text.HardwareSetup
                0x00000000fff8008c        0x1 ./generate/hwinit.o
                0x00000000fff8008c                HardwareSetup
 .text.INT_Excep_SuperVisorInst
                0x00000000fff8008d        0x2 ./generate/inthandler.o
                0x00000000fff8008d                INT_Excep_SuperVisorInst
 .text.INT_Excep_AccessInst
                0x00000000fff8008f        0x2 ./generate/inthandler.o
                0x00000000fff8008f                INT_Excep_AccessInst
 .text.INT_Excep_UndefinedInst
                0x00000000fff80091        0x2 ./generate/inthandler.o
                0x00000000fff80091                INT_Excep_UndefinedInst
 .text.INT_Excep_FloatingPoint
                0x00000000fff80093        0x2 ./generate/inthandler.o
                0x00000000fff80093                INT_Excep_FloatingPoint
 .text.INT_NonMaskableInterrupt
                0x00000000fff80095        0x2 ./generate/inthandler.o
                0x00000000fff80095                INT_NonMaskableInterrupt
 .text.INT_Excep_BSC_BUSERR
                0x00000000fff80097        0x2 ./generate/inthandler.o
                0x00000000fff80097                INT_Excep_BSC_BUSERR
 .text.INT_Excep_FCU_FRDYI
                0x00000000fff80099        0x2 ./generate/inthandler.o
                0x00000000fff80099                INT_Excep_FCU_FRDYI
 .text.INT_Excep_ICU_SWINT
                0x00000000fff8009b        0x2 ./generate/inthandler.o
                0x00000000fff8009b                INT_Excep_ICU_SWINT
 .text.INT_Excep_CMT0_CMI0
                0x00000000fff8009d        0x2 ./generate/inthandler.o
                0x00000000fff8009d                INT_Excep_CMT0_CMI0
 .text.INT_Excep_CMT1_CMI1
                0x00000000fff8009f        0x2 ./generate/inthandler.o
                0x00000000fff8009f                INT_Excep_CMT1_CMI1
 .text.INT_Excep_CMT2_CMI2
                0x00000000fff800a1        0x2 ./generate/inthandler.o
                0x00000000fff800a1                INT_Excep_CMT2_CMI2
 .text.INT_Excep_CMT3_CMI3
                0x00000000fff800a3        0x2 ./generate/inthandler.o
                0x00000000fff800a3                INT_Excep_CMT3_CMI3
 .text.INT_Excep_CAC_FERRF
                0x00000000fff800a5        0x2 ./generate/inthandler.o
                0x00000000fff800a5                INT_Excep_CAC_FERRF
 .text.INT_Excep_CAC_MENDF
                0x00000000fff800a7        0x2 ./generate/inthandler.o
                0x00000000fff800a7                INT_Excep_CAC_MENDF
 .text.INT_Excep_CAC_OVFF
                0x00000000fff800a9        0x2 ./generate/inthandler.o
                0x00000000fff800a9                INT_Excep_CAC_OVFF
 .text.INT_Excep_USB0_D0FIFO0
                0x00000000fff800ab        0x2 ./generate/inthandler.o
                0x00000000fff800ab                INT_Excep_USB0_D0FIFO0
 .text.INT_Excep_USB0_D1FIFO0
                0x00000000fff800ad        0x2 ./generate/inthandler.o
                0x00000000fff800ad                INT_Excep_USB0_D1FIFO0
 .text.INT_Excep_USB0_USBI0
                0x00000000fff800af        0x2 ./generate/inthandler.o
                0x00000000fff800af                INT_Excep_USB0_USBI0
 .text.INT_Excep_SDHI_SBFAI
                0x00000000fff800b1        0x2 ./generate/inthandler.o
                0x00000000fff800b1                INT_Excep_SDHI_SBFAI
 .text.INT_Excep_SDHI_CDETI
                0x00000000fff800b3        0x2 ./generate/inthandler.o
                0x00000000fff800b3                INT_Excep_SDHI_CDETI
 .text.INT_Excep_SDHI_CACI
                0x00000000fff800b5        0x2 ./generate/inthandler.o
                0x00000000fff800b5                INT_Excep_SDHI_CACI
 .text.INT_Excep_SDHI_SDACI
                0x00000000fff800b7        0x2 ./generate/inthandler.o
                0x00000000fff800b7                INT_Excep_SDHI_SDACI
 .text.INT_Excep_RSPI0_SPEI0
                0x00000000fff800b9        0x2 ./generate/inthandler.o
                0x00000000fff800b9                INT_Excep_RSPI0_SPEI0
 .text.INT_Excep_RSPI0_SPRI0
                0x00000000fff800bb        0x2 ./generate/inthandler.o
                0x00000000fff800bb                INT_Excep_RSPI0_SPRI0
 .text.INT_Excep_RSPI0_SPTI0
                0x00000000fff800bd        0x2 ./generate/inthandler.o
                0x00000000fff800bd                INT_Excep_RSPI0_SPTI0
 .text.INT_Excep_RSPI0_SPII0
                0x00000000fff800bf        0x2 ./generate/inthandler.o
                0x00000000fff800bf                INT_Excep_RSPI0_SPII0
 .text.INT_Excep_RSCAN_COMFRXINT
                0x00000000fff800c1        0x2 ./generate/inthandler.o
                0x00000000fff800c1                INT_Excep_RSCAN_COMFRXINT
 .text.INT_Excep_RSCAN_RXFINT
                0x00000000fff800c3        0x2 ./generate/inthandler.o
                0x00000000fff800c3                INT_Excep_RSCAN_RXFINT
 .text.INT_Excep_RSCAN_TXINT
                0x00000000fff800c5        0x2 ./generate/inthandler.o
                0x00000000fff800c5                INT_Excep_RSCAN_TXINT
 .text.INT_Excep_RSCAN_CHERRINT
                0x00000000fff800c7        0x2 ./generate/inthandler.o
                0x00000000fff800c7                INT_Excep_RSCAN_CHERRINT
 .text.INT_Excep_RSCAN_GLERRINT
                0x00000000fff800c9        0x2 ./generate/inthandler.o
                0x00000000fff800c9                INT_Excep_RSCAN_GLERRINT
 .text.INT_Excep_DOC_DOPCF
                0x00000000fff800cb        0x2 ./generate/inthandler.o
                0x00000000fff800cb                INT_Excep_DOC_DOPCF
 .text.INT_Excep_CMPB_CMPB0
                0x00000000fff800cd        0x2 ./generate/inthandler.o
                0x00000000fff800cd                INT_Excep_CMPB_CMPB0
 .text.INT_Excep_CMPB_CMPB1
                0x00000000fff800cf        0x2 ./generate/inthandler.o
                0x00000000fff800cf                INT_Excep_CMPB_CMPB1
 .text.INT_Excep_CTSU_CTSUWR
                0x00000000fff800d1        0x2 ./generate/inthandler.o
                0x00000000fff800d1                INT_Excep_CTSU_CTSUWR
 .text.INT_Excep_CTSU_CTSURD
                0x00000000fff800d3        0x2 ./generate/inthandler.o
                0x00000000fff800d3                INT_Excep_CTSU_CTSURD
 .text.INT_Excep_CTSU_CTSUFN
                0x00000000fff800d5        0x2 ./generate/inthandler.o
                0x00000000fff800d5                INT_Excep_CTSU_CTSUFN
 .text.INT_Excep_RTC_CUP
                0x00000000fff800d7        0x2 ./generate/inthandler.o
                0x00000000fff800d7                INT_Excep_RTC_CUP
 .text.INT_Excep_ICU_IRQ0
                0x00000000fff800d9        0x2 ./generate/inthandler.o
                0x00000000fff800d9                INT_Excep_ICU_IRQ0
 .text.INT_Excep_ICU_IRQ1
                0x00000000fff800db        0x2 ./generate/inthandler.o
                0x00000000fff800db                INT_Excep_ICU_IRQ1
 .text.INT_Excep_ICU_IRQ2
                0x00000000fff800dd        0x2 ./generate/inthandler.o
                0x00000000fff800dd                INT_Excep_ICU_IRQ2
 .text.INT_Excep_ICU_IRQ3
                0x00000000fff800df        0x2 ./generate/inthandler.o
                0x00000000fff800df                INT_Excep_ICU_IRQ3
 .text.INT_Excep_ICU_IRQ4
                0x00000000fff800e1        0x2 ./generate/inthandler.o
                0x00000000fff800e1                INT_Excep_ICU_IRQ4
 .text.INT_Excep_ICU_IRQ5
                0x00000000fff800e3        0x2 ./generate/inthandler.o
                0x00000000fff800e3                INT_Excep_ICU_IRQ5
 .text.INT_Excep_ICU_IRQ6
                0x00000000fff800e5        0x2 ./generate/inthandler.o
                0x00000000fff800e5                INT_Excep_ICU_IRQ6
 .text.INT_Excep_ICU_IRQ7
                0x00000000fff800e7        0x2 ./generate/inthandler.o
                0x00000000fff800e7                INT_Excep_ICU_IRQ7
 .text.INT_Excep_ELC_ELSR8I
                0x00000000fff800e9        0x2 ./generate/inthandler.o
                0x00000000fff800e9                INT_Excep_ELC_ELSR8I
 .text.INT_Excep_LVD_LVD1
                0x00000000fff800eb        0x2 ./generate/inthandler.o
                0x00000000fff800eb                INT_Excep_LVD_LVD1
 .text.INT_Excep_LVD_LVD2
                0x00000000fff800ed        0x2 ./generate/inthandler.o
                0x00000000fff800ed                INT_Excep_LVD_LVD2
 .text.INT_Excep_USB0_USBR0
                0x00000000fff800ef        0x2 ./generate/inthandler.o
                0x00000000fff800ef                INT_Excep_USB0_USBR0
 .text.INT_Excep_VBATT_VBTLVDI
                0x00000000fff800f1        0x2 ./generate/inthandler.o
                0x00000000fff800f1                INT_Excep_VBATT_VBTLVDI
 .text.INT_Excep_RTC_ALM
                0x00000000fff800f3        0x2 ./generate/inthandler.o
                0x00000000fff800f3                INT_Excep_RTC_ALM
 .text.INT_Excep_RTC_PRD
                0x00000000fff800f5        0x2 ./generate/inthandler.o
                0x00000000fff800f5                INT_Excep_RTC_PRD
 .text.INT_Excep_S12AD_S12ADI0
                0x00000000fff800f7        0x2 ./generate/inthandler.o
                0x00000000fff800f7                INT_Excep_S12AD_S12ADI0
 .text.INT_Excep_S12AD_GBADI
                0x00000000fff800f9        0x2 ./generate/inthandler.o
                0x00000000fff800f9                INT_Excep_S12AD_GBADI
 .text.INT_Excep_CMPB1_CMPB2
                0x00000000fff800fb        0x2 ./generate/inthandler.o
                0x00000000fff800fb                INT_Excep_CMPB1_CMPB2
 .text.INT_Excep_CMPB1_CMPB3
                0x00000000fff800fd        0x2 ./generate/inthandler.o
                0x00000000fff800fd                INT_Excep_CMPB1_CMPB3
 .text.INT_Excep_ELC_ELSR18I
                0x00000000fff800ff        0x2 ./generate/inthandler.o
                0x00000000fff800ff                INT_Excep_ELC_ELSR18I
 .text.INT_Excep_ELC_ELSR19I
                0x00000000fff80101        0x2 ./generate/inthandler.o
                0x00000000fff80101                INT_Excep_ELC_ELSR19I
 .text.INT_Excep_SSI0_SSIF0
                0x00000000fff80103        0x2 ./generate/inthandler.o
                0x00000000fff80103                INT_Excep_SSI0_SSIF0
 .text.INT_Excep_SSI0_SSIRXI0
                0x00000000fff80105        0x2 ./generate/inthandler.o
                0x00000000fff80105                INT_Excep_SSI0_SSIRXI0
 .text.INT_Excep_SSI0_SSITXI0
                0x00000000fff80107        0x2 ./generate/inthandler.o
                0x00000000fff80107                INT_Excep_SSI0_SSITXI0
 .text.INT_Excep_SECURITY_RD
                0x00000000fff80109        0x2 ./generate/inthandler.o
                0x00000000fff80109                INT_Excep_SECURITY_RD
 .text.INT_Excep_SECURITY_WR
                0x00000000fff8010b        0x2 ./generate/inthandler.o
                0x00000000fff8010b                INT_Excep_SECURITY_WR
 .text.INT_Excep_SECURITY_ERR
                0x00000000fff8010d        0x2 ./generate/inthandler.o
                0x00000000fff8010d                INT_Excep_SECURITY_ERR
 .text.INT_Excep_MTU0_TGIA0
                0x00000000fff8010f        0x2 ./generate/inthandler.o
                0x00000000fff8010f                INT_Excep_MTU0_TGIA0
 .text.INT_Excep_MTU0_TGIB0
                0x00000000fff80111        0x2 ./generate/inthandler.o
                0x00000000fff80111                INT_Excep_MTU0_TGIB0
 .text.INT_Excep_MTU0_TGIC0
                0x00000000fff80113        0x2 ./generate/inthandler.o
                0x00000000fff80113                INT_Excep_MTU0_TGIC0
 .text.INT_Excep_MTU0_TGID0
                0x00000000fff80115        0x2 ./generate/inthandler.o
                0x00000000fff80115                INT_Excep_MTU0_TGID0
 .text.INT_Excep_MTU0_TCIV0
                0x00000000fff80117        0x2 ./generate/inthandler.o
                0x00000000fff80117                INT_Excep_MTU0_TCIV0
 .text.INT_Excep_MTU0_TGIE0
                0x00000000fff80119        0x2 ./generate/inthandler.o
                0x00000000fff80119                INT_Excep_MTU0_TGIE0
 .text.INT_Excep_MTU0_TGIF0
                0x00000000fff8011b        0x2 ./generate/inthandler.o
                0x00000000fff8011b                INT_Excep_MTU0_TGIF0
 .text.INT_Excep_MTU1_TGIA1
                0x00000000fff8011d        0x2 ./generate/inthandler.o
                0x00000000fff8011d                INT_Excep_MTU1_TGIA1
 .text.INT_Excep_MTU1_TGIB1
                0x00000000fff8011f        0x2 ./generate/inthandler.o
                0x00000000fff8011f                INT_Excep_MTU1_TGIB1
 .text.INT_Excep_MTU1_TCIV1
                0x00000000fff80121        0x2 ./generate/inthandler.o
                0x00000000fff80121                INT_Excep_MTU1_TCIV1
 .text.INT_Excep_MTU1_TCIU1
                0x00000000fff80123        0x2 ./generate/inthandler.o
                0x00000000fff80123                INT_Excep_MTU1_TCIU1
 .text.INT_Excep_MTU2_TGIA2
                0x00000000fff80125        0x2 ./generate/inthandler.o
                0x00000000fff80125                INT_Excep_MTU2_TGIA2
 .text.INT_Excep_MTU2_TGIB2
                0x00000000fff80127        0x2 ./generate/inthandler.o
                0x00000000fff80127                INT_Excep_MTU2_TGIB2
 .text.INT_Excep_MTU2_TCIV2
                0x00000000fff80129        0x2 ./generate/inthandler.o
                0x00000000fff80129                INT_Excep_MTU2_TCIV2
 .text.INT_Excep_MTU2_TCIU2
                0x00000000fff8012b        0x2 ./generate/inthandler.o
                0x00000000fff8012b                INT_Excep_MTU2_TCIU2
 .text.INT_Excep_MTU3_TGIA3
                0x00000000fff8012d        0x2 ./generate/inthandler.o
                0x00000000fff8012d                INT_Excep_MTU3_TGIA3
 .text.INT_Excep_MTU3_TGIB3
                0x00000000fff8012f        0x2 ./generate/inthandler.o
                0x00000000fff8012f                INT_Excep_MTU3_TGIB3
 .text.INT_Excep_MTU3_TGIC3
                0x00000000fff80131        0x2 ./generate/inthandler.o
                0x00000000fff80131                INT_Excep_MTU3_TGIC3
 .text.INT_Excep_MTU3_TGID3
                0x00000000fff80133        0x2 ./generate/inthandler.o
                0x00000000fff80133                INT_Excep_MTU3_TGID3
 .text.INT_Excep_MTU3_TCIV3
                0x00000000fff80135        0x2 ./generate/inthandler.o
                0x00000000fff80135                INT_Excep_MTU3_TCIV3
 .text.INT_Excep_MTU4_TGIA4
                0x00000000fff80137        0x2 ./generate/inthandler.o
                0x00000000fff80137                INT_Excep_MTU4_TGIA4
 .text.INT_Excep_MTU4_TGIB4
                0x00000000fff80139        0x2 ./generate/inthandler.o
                0x00000000fff80139                INT_Excep_MTU4_TGIB4
 .text.INT_Excep_MTU4_TGIC4
                0x00000000fff8013b        0x2 ./generate/inthandler.o
                0x00000000fff8013b                INT_Excep_MTU4_TGIC4
 .text.INT_Excep_MTU4_TGID4
                0x00000000fff8013d        0x2 ./generate/inthandler.o
                0x00000000fff8013d                INT_Excep_MTU4_TGID4
 .text.INT_Excep_MTU4_TCIV4
                0x00000000fff8013f        0x2 ./generate/inthandler.o
                0x00000000fff8013f                INT_Excep_MTU4_TCIV4
 .text.INT_Excep_MTU5_TGIU5
                0x00000000fff80141        0x2 ./generate/inthandler.o
                0x00000000fff80141                INT_Excep_MTU5_TGIU5
 .text.INT_Excep_MTU5_TGIV5
                0x00000000fff80143        0x2 ./generate/inthandler.o
                0x00000000fff80143                INT_Excep_MTU5_TGIV5
 .text.INT_Excep_MTU5_TGIW5
                0x00000000fff80145        0x2 ./generate/inthandler.o
                0x00000000fff80145                INT_Excep_MTU5_TGIW5
 .text.INT_Excep_TPU0_TGI0A
                0x00000000fff80147        0x2 ./generate/inthandler.o
                0x00000000fff80147                INT_Excep_TPU0_TGI0A
 .text.INT_Excep_TPU0_TGI0B
                0x00000000fff80149        0x2 ./generate/inthandler.o
                0x00000000fff80149                INT_Excep_TPU0_TGI0B
 .text.INT_Excep_TPU0_TGI0C
                0x00000000fff8014b        0x2 ./generate/inthandler.o
                0x00000000fff8014b                INT_Excep_TPU0_TGI0C
 .text.INT_Excep_TPU0_TGI0D
                0x00000000fff8014d        0x2 ./generate/inthandler.o
                0x00000000fff8014d                INT_Excep_TPU0_TGI0D
 .text.INT_Excep_TPU0_TCI0V
                0x00000000fff8014f        0x2 ./generate/inthandler.o
                0x00000000fff8014f                INT_Excep_TPU0_TCI0V
 .text.INT_Excep_TPU1_TGI1A
                0x00000000fff80151        0x2 ./generate/inthandler.o
                0x00000000fff80151                INT_Excep_TPU1_TGI1A
 .text.INT_Excep_TPU1_TGI1B
                0x00000000fff80153        0x2 ./generate/inthandler.o
                0x00000000fff80153                INT_Excep_TPU1_TGI1B
 .text.INT_Excep_TPU1_TCI1V
                0x00000000fff80155        0x2 ./generate/inthandler.o
                0x00000000fff80155                INT_Excep_TPU1_TCI1V
 .text.INT_Excep_TPU1_TCI1U
                0x00000000fff80157        0x2 ./generate/inthandler.o
                0x00000000fff80157                INT_Excep_TPU1_TCI1U
 .text.INT_Excep_TPU2_TGI2A
                0x00000000fff80159        0x2 ./generate/inthandler.o
                0x00000000fff80159                INT_Excep_TPU2_TGI2A
 .text.INT_Excep_TPU2_TGI2B
                0x00000000fff8015b        0x2 ./generate/inthandler.o
                0x00000000fff8015b                INT_Excep_TPU2_TGI2B
 .text.INT_Excep_TPU2_TCI2V
                0x00000000fff8015d        0x2 ./generate/inthandler.o
                0x00000000fff8015d                INT_Excep_TPU2_TCI2V
 .text.INT_Excep_TPU2_TCI2U
                0x00000000fff8015f        0x2 ./generate/inthandler.o
                0x00000000fff8015f                INT_Excep_TPU2_TCI2U
 .text.INT_Excep_TPU3_TGI3A
                0x00000000fff80161        0x2 ./generate/inthandler.o
                0x00000000fff80161                INT_Excep_TPU3_TGI3A
 .text.INT_Excep_TPU3_TGI3B
                0x00000000fff80163        0x2 ./generate/inthandler.o
                0x00000000fff80163                INT_Excep_TPU3_TGI3B
 .text.INT_Excep_TPU3_TGI3C
                0x00000000fff80165        0x2 ./generate/inthandler.o
                0x00000000fff80165                INT_Excep_TPU3_TGI3C
 .text.INT_Excep_TPU3_TGI3D
                0x00000000fff80167        0x2 ./generate/inthandler.o
                0x00000000fff80167                INT_Excep_TPU3_TGI3D
 .text.INT_Excep_TPU3_TCI3V
                0x00000000fff80169        0x2 ./generate/inthandler.o
                0x00000000fff80169                INT_Excep_TPU3_TCI3V
 .text.INT_Excep_TPU4_TGI4A
                0x00000000fff8016b        0x2 ./generate/inthandler.o
                0x00000000fff8016b                INT_Excep_TPU4_TGI4A
 .text.INT_Excep_TPU4_TGI4B
                0x00000000fff8016d        0x2 ./generate/inthandler.o
                0x00000000fff8016d                INT_Excep_TPU4_TGI4B
 .text.INT_Excep_TPU4_TCI4V
                0x00000000fff8016f        0x2 ./generate/inthandler.o
                0x00000000fff8016f                INT_Excep_TPU4_TCI4V
 .text.INT_Excep_TPU4_TCI4U
                0x00000000fff80171        0x2 ./generate/inthandler.o
                0x00000000fff80171                INT_Excep_TPU4_TCI4U
 .text.INT_Excep_TPU5_TGI5A
                0x00000000fff80173        0x2 ./generate/inthandler.o
                0x00000000fff80173                INT_Excep_TPU5_TGI5A
 .text.INT_Excep_TPU5_TGI5B
                0x00000000fff80175        0x2 ./generate/inthandler.o
                0x00000000fff80175                INT_Excep_TPU5_TGI5B
 .text.INT_Excep_TPU5_TCI5V
                0x00000000fff80177        0x2 ./generate/inthandler.o
                0x00000000fff80177                INT_Excep_TPU5_TCI5V
 .text.INT_Excep_TPU5_TCI5U
                0x00000000fff80179        0x2 ./generate/inthandler.o
                0x00000000fff80179                INT_Excep_TPU5_TCI5U
 .text.INT_Excep_POE_OEI1
                0x00000000fff8017b        0x2 ./generate/inthandler.o
                0x00000000fff8017b                INT_Excep_POE_OEI1
 .text.INT_Excep_POE_OEI2
                0x00000000fff8017d        0x2 ./generate/inthandler.o
                0x00000000fff8017d                INT_Excep_POE_OEI2
 .text.INT_Excep_TMR0_CMIA0
                0x00000000fff8017f        0x2 ./generate/inthandler.o
                0x00000000fff8017f                INT_Excep_TMR0_CMIA0
 .text.INT_Excep_TMR0_CMIB0
                0x00000000fff80181        0x2 ./generate/inthandler.o
                0x00000000fff80181                INT_Excep_TMR0_CMIB0
 .text.INT_Excep_TMR0_OVI0
                0x00000000fff80183        0x2 ./generate/inthandler.o
                0x00000000fff80183                INT_Excep_TMR0_OVI0
 .text.INT_Excep_TMR1_CMIA1
                0x00000000fff80185        0x2 ./generate/inthandler.o
                0x00000000fff80185                INT_Excep_TMR1_CMIA1
 .text.INT_Excep_TMR1_CMIB1
                0x00000000fff80187        0x2 ./generate/inthandler.o
                0x00000000fff80187                INT_Excep_TMR1_CMIB1
 .text.INT_Excep_TMR1_OVI1
                0x00000000fff80189        0x2 ./generate/inthandler.o
                0x00000000fff80189                INT_Excep_TMR1_OVI1
 .text.INT_Excep_TMR2_CMIA2
                0x00000000fff8018b        0x2 ./generate/inthandler.o
                0x00000000fff8018b                INT_Excep_TMR2_CMIA2
 .text.INT_Excep_TMR2_CMIB2
                0x00000000fff8018d        0x2 ./generate/inthandler.o
                0x00000000fff8018d                INT_Excep_TMR2_CMIB2
 .text.INT_Excep_TMR2_OVI2
                0x00000000fff8018f        0x2 ./generate/inthandler.o
                0x00000000fff8018f                INT_Excep_TMR2_OVI2
 .text.INT_Excep_TMR3_CMIA3
                0x00000000fff80191        0x2 ./generate/inthandler.o
                0x00000000fff80191                INT_Excep_TMR3_CMIA3
 .text.INT_Excep_TMR3_CMIB3
                0x00000000fff80193        0x2 ./generate/inthandler.o
                0x00000000fff80193                INT_Excep_TMR3_CMIB3
 .text.INT_Excep_TMR3_OVI3
                0x00000000fff80195        0x2 ./generate/inthandler.o
                0x00000000fff80195                INT_Excep_TMR3_OVI3
 .text.INT_Excep_DMAC_DMAC0I
                0x00000000fff80197        0x2 ./generate/inthandler.o
                0x00000000fff80197                INT_Excep_DMAC_DMAC0I
 .text.INT_Excep_DMAC_DMAC1I
                0x00000000fff80199        0x2 ./generate/inthandler.o
                0x00000000fff80199                INT_Excep_DMAC_DMAC1I
 .text.INT_Excep_DMAC_DMAC2I
                0x00000000fff8019b        0x2 ./generate/inthandler.o
                0x00000000fff8019b                INT_Excep_DMAC_DMAC2I
 .text.INT_Excep_DMAC_DMAC3I
                0x00000000fff8019d        0x2 ./generate/inthandler.o
                0x00000000fff8019d                INT_Excep_DMAC_DMAC3I
 .text.INT_Excep_SCI0_ERI0
                0x00000000fff8019f        0x2 ./generate/inthandler.o
                0x00000000fff8019f                INT_Excep_SCI0_ERI0
 .text.INT_Excep_SCI0_RXI0
                0x00000000fff801a1        0x2 ./generate/inthandler.o
                0x00000000fff801a1                INT_Excep_SCI0_RXI0
 .text.INT_Excep_SCI0_TXI0
                0x00000000fff801a3        0x2 ./generate/inthandler.o
                0x00000000fff801a3                INT_Excep_SCI0_TXI0
 .text.INT_Excep_SCI0_TEI0
                0x00000000fff801a5        0x2 ./generate/inthandler.o
                0x00000000fff801a5                INT_Excep_SCI0_TEI0
 .text.INT_Excep_SCI1_ERI1
                0x00000000fff801a7        0x2 ./generate/inthandler.o
                0x00000000fff801a7                INT_Excep_SCI1_ERI1
 .text.INT_Excep_SCI1_RXI1
                0x00000000fff801a9        0x2 ./generate/inthandler.o
                0x00000000fff801a9                INT_Excep_SCI1_RXI1
 .text.INT_Excep_SCI1_TXI1
                0x00000000fff801ab        0x2 ./generate/inthandler.o
                0x00000000fff801ab                INT_Excep_SCI1_TXI1
 .text.INT_Excep_SCI1_TEI1
                0x00000000fff801ad        0x2 ./generate/inthandler.o
                0x00000000fff801ad                INT_Excep_SCI1_TEI1
 .text.INT_Excep_SCI5_ERI5
                0x00000000fff801af        0x2 ./generate/inthandler.o
                0x00000000fff801af                INT_Excep_SCI5_ERI5
 .text.INT_Excep_SCI5_RXI5
                0x00000000fff801b1        0x2 ./generate/inthandler.o
                0x00000000fff801b1                INT_Excep_SCI5_RXI5
 .text.INT_Excep_SCI5_TXI5
                0x00000000fff801b3        0x2 ./generate/inthandler.o
                0x00000000fff801b3                INT_Excep_SCI5_TXI5
 .text.INT_Excep_SCI5_TEI5
                0x00000000fff801b5        0x2 ./generate/inthandler.o
                0x00000000fff801b5                INT_Excep_SCI5_TEI5
 .text.INT_Excep_SCI6_ERI6
                0x00000000fff801b7        0x2 ./generate/inthandler.o
                0x00000000fff801b7                INT_Excep_SCI6_ERI6
 .text.INT_Excep_SCI6_RXI6
                0x00000000fff801b9        0x2 ./generate/inthandler.o
                0x00000000fff801b9                INT_Excep_SCI6_RXI6
 .text.INT_Excep_SCI6_TXI6
                0x00000000fff801bb        0x2 ./generate/inthandler.o
                0x00000000fff801bb                INT_Excep_SCI6_TXI6
 .text.INT_Excep_SCI6_TEI6
                0x00000000fff801bd        0x2 ./generate/inthandler.o
                0x00000000fff801bd                INT_Excep_SCI6_TEI6
 .text.INT_Excep_SCI8_ERI8
                0x00000000fff801bf        0x2 ./generate/inthandler.o
                0x00000000fff801bf                INT_Excep_SCI8_ERI8
 .text.INT_Excep_SCI8_RXI8
                0x00000000fff801c1        0x2 ./generate/inthandler.o
                0x00000000fff801c1                INT_Excep_SCI8_RXI8
 .text.INT_Excep_SCI8_TXI8
                0x00000000fff801c3        0x2 ./generate/inthandler.o
                0x00000000fff801c3                INT_Excep_SCI8_TXI8
 .text.INT_Excep_SCI8_TEI8
                0x00000000fff801c5        0x2 ./generate/inthandler.o
                0x00000000fff801c5                INT_Excep_SCI8_TEI8
 .text.INT_Excep_SCI9_ERI9
                0x00000000fff801c7        0x2 ./generate/inthandler.o
                0x00000000fff801c7                INT_Excep_SCI9_ERI9
 .text.INT_Excep_SCI9_RXI9
                0x00000000fff801c9        0x2 ./generate/inthandler.o
                0x00000000fff801c9                INT_Excep_SCI9_RXI9
 .text.INT_Excep_SCI9_TXI9
                0x00000000fff801cb        0x2 ./generate/inthandler.o
                0x00000000fff801cb                INT_Excep_SCI9_TXI9
 .text.INT_Excep_SCI9_TEI9
                0x00000000fff801cd        0x2 ./generate/inthandler.o
                0x00000000fff801cd                INT_Excep_SCI9_TEI9
 .text.INT_Excep_SCI12_ERI12
                0x00000000fff801cf        0x2 ./generate/inthandler.o
                0x00000000fff801cf                INT_Excep_SCI12_ERI12
 .text.INT_Excep_SCI12_RXI12
                0x00000000fff801d1        0x2 ./generate/inthandler.o
                0x00000000fff801d1                INT_Excep_SCI12_RXI12
 .text.INT_Excep_SCI12_TXI12
                0x00000000fff801d3        0x2 ./generate/inthandler.o
                0x00000000fff801d3                INT_Excep_SCI12_TXI12
 .text.INT_Excep_SCI12_TEI12
                0x00000000fff801d5        0x2 ./generate/inthandler.o
                0x00000000fff801d5                INT_Excep_SCI12_TEI12
 .text.INT_Excep_SCI12_SCIX0
                0x00000000fff801d7        0x2 ./generate/inthandler.o
                0x00000000fff801d7                INT_Excep_SCI12_SCIX0
 .text.INT_Excep_SCI12_SCIX1
                0x00000000fff801d9        0x2 ./generate/inthandler.o
                0x00000000fff801d9                INT_Excep_SCI12_SCIX1
 .text.INT_Excep_SCI12_SCIX2
                0x00000000fff801db        0x2 ./generate/inthandler.o
                0x00000000fff801db                INT_Excep_SCI12_SCIX2
 .text.INT_Excep_SCI12_SCIX3
                0x00000000fff801dd        0x2 ./generate/inthandler.o
                0x00000000fff801dd                INT_Excep_SCI12_SCIX3
 .text.INT_Excep_RIIC0_EEI0
                0x00000000fff801df        0x2 ./generate/inthandler.o
                0x00000000fff801df                INT_Excep_RIIC0_EEI0
 .text.INT_Excep_RIIC0_RXI0
                0x00000000fff801e1        0x2 ./generate/inthandler.o
                0x00000000fff801e1                INT_Excep_RIIC0_RXI0
 .text.INT_Excep_RIIC0_TXI0
                0x00000000fff801e3        0x2 ./generate/inthandler.o
                0x00000000fff801e3                INT_Excep_RIIC0_TXI0
 .text.INT_Excep_RIIC0_TEI0
                0x00000000fff801e5        0x2 ./generate/inthandler.o
                0x00000000fff801e5                INT_Excep_RIIC0_TEI0
 .text.__call_exitprocs
                0x00000000fff801e7       0x85 c:/programdata/gcc for renesas rx 8.3.0.202311-gnurx-elf/rx-elf/rx-elf/bin/../lib/gcc/rx-elf/8.3.0.202311-GNURX/../../../../rx-elf/lib\libc.a(lib_a-__call_atexit.o)
                0x00000000fff801e7                __call_exitprocs
 *(P)
                0x00000000fff8026c                etext = .

.rvectors       0x00000000fff8026c      0x400
                0x00000000fff8026c                _rvectors_start = .
 *(.rvectors)
 .rvectors      0x00000000fff8026c      0x400 ./generate/vects.o
                0x00000000fff8026c                RelocatableVectors
                0x00000000fff8066c                _rvectors_end = .

.init           0x00000000fff8066c        0x0
 *(.init)
                0x00000000fff8066c                __preinit_array_start = .
 *(.preinit_array)
                0x00000000fff8066c                __preinit_array_end = .
                0x00000000fff8066c                __init_array_start = ((. + 0x3) & 0xfffffffffffffffc)
 *(.init_array)
 *(SORT_BY_NAME(.init_array.*))
                0x00000000fff8066c                __init_array_end = .
                0x00000000fff8066c                __fini_array_start = .
 *(.fini_array)
 *(SORT_BY_NAME(.fini_array.*))
                0x00000000fff8066c                __fini_array_end = .

.fini
 *(.fini)

.got
 *(.got)
 *(.got.plt)

.rodata         0x00000000fff8066c        0x4
 *(.rodata)
 *(.rodata.*)
 .rodata._global_impure_ptr
                0x00000000fff8066c        0x4 c:/programdata/gcc for renesas rx 8.3.0.202311-gnurx-elf/rx-elf/rx-elf/bin/../lib/gcc/rx-elf/8.3.0.202311-GNURX/../../../../rx-elf/lib\libc.a(lib_a-impure.o)
                0x00000000fff8066c                _global_impure_ptr
 *(C_1)
 *(C_2)
 *(C)
                0x00000000fff80670                _erodata = .

gcc_exceptions_table
 *(.gcc_except_table)
 *(.gcc_except_table.*)

.eh_frame_hdr
 *(.eh_frame_hdr)

.eh_frame
 *(.eh_frame)

.jcr
 *(.jcr)

.tors           0x00000000fff80670        0x0
                0x00000000fff80670                __CTOR_LIST__ = .
                0x00000000fff80670                . = ALIGN (0x2)
                0x00000000fff80670                ___ctors = .
 *(.ctors)
                0x00000000fff80670                ___ctors_end = .
                0x00000000fff80670                __CTOR_END__ = .
                0x00000000fff80670                __DTOR_LIST__ = .
                0x00000000fff80670                ___dtors = .
 *(.dtors)
                0x00000000fff80670                ___dtors_end = .
                0x00000000fff80670                __DTOR_END__ = .
                0x00000000fff80670                . = ALIGN (0x2)
                0x00000000fff80670                _mdata = .

.ustack         0x0000000000000200        0x0
                0x0000000000000200                _ustack = .

.istack         0x0000000000000100        0x0
                0x0000000000000100                _istack = .

.data           0x0000000000000204      0x424 load address 0x00000000fff80670
                0x0000000000000204                _data = .
 *(.data)
 *(.data.*)
 .data.impure_data
                0x0000000000000204      0x424 c:/programdata/gcc for renesas rx 8.3.0.202311-gnurx-elf/rx-elf/rx-elf/bin/../lib/gcc/rx-elf/8.3.0.202311-GNURX/../../../../rx-elf/lib\libc.a(lib_a-impure.o)
 *(D)
 *(D_1)
 *(D_2)
                0x0000000000000628                _edata = .

.bss            0x0000000000000628       0x58
                0x0000000000000628                _bss = .
 *(.bss)
 *(.bss.**)
 *(COMMON)
 *(B)
 *(B_1)
 *(B_2)
                0x0000000000000628                _ebss = .
                0x0000000000000680                . = ALIGN (0x80)
 *fill*         0x0000000000000628       0x58 
                0x0000000000000680                _end = .
OUTPUT(rx231_basic.elf elf32-rx-le)

.debug_frame    0x0000000000000000      0xb4c
 .debug_frame   0x0000000000000000       0x24 ./src/main.o
 .debug_frame   0x0000000000000024       0x24 ./generate/hwinit.o
 .debug_frame   0x0000000000000048      0xb04 ./generate/inthandler.o

.debug_info     0x0000000000000000      0xecf
 .debug_info    0x0000000000000000       0xcd ./src/main.o
 .debug_info    0x00000000000000cd       0x5b ./generate/hwinit.o
 .debug_info    0x0000000000000128      0xcd3 ./generate/inthandler.o
 .debug_info    0x0000000000000dfb       0x26 ./generate/start.o
 .debug_info    0x0000000000000e21       0xae ./generate/vects.o

.debug_abbrev   0x0000000000000000      0x181
 .debug_abbrev  0x0000000000000000       0x81 ./src/main.o
 .debug_abbrev  0x0000000000000081       0x39 ./generate/hwinit.o
 .debug_abbrev  0x00000000000000ba       0x48 ./generate/inthandler.o
 .debug_abbrev  0x0000000000000102       0x14 ./generate/start.o
 .debug_abbrev  0x0000000000000116       0x6b ./generate/vects.o

.debug_aranges  0x0000000000000000      0x608
 .debug_aranges
                0x0000000000000000       0x20 ./src/main.o
 .debug_aranges
                0x0000000000000020       0x20 ./generate/hwinit.o
 .debug_aranges
                0x0000000000000040      0x590 ./generate/inthandler.o
 .debug_aranges
                0x00000000000005d0       0x20 ./generate/start.o
 .debug_aranges
                0x00000000000005f0       0x18 ./generate/vects.o

.debug_ranges   0x0000000000000000      0x5a0
 .debug_ranges  0x0000000000000000       0x10 ./src/main.o
 .debug_ranges  0x0000000000000010       0x10 ./generate/hwinit.o
 .debug_ranges  0x0000000000000020      0x580 ./generate/inthandler.o

.debug_line     0x0000000000000000     0x134a
 .debug_line    0x0000000000000000      0x124 ./src/main.o
 .debug_line    0x0000000000000124       0x49 ./generate/hwinit.o
 .debug_line    0x000000000000016d     0x113e ./generate/inthandler.o
 .debug_line    0x00000000000012ab       0x6b ./generate/start.o
 .debug_line    0x0000000000001316       0x34 ./generate/vects.o

.debug_str      0x0000000000000000     0x1043
 .debug_str     0x0000000000000000      0x158 ./src/main.o
                                        0x199 (size before relaxing)
 .debug_str     0x0000000000000158       0x23 ./generate/hwinit.o
                                        0x14b (size before relaxing)
 .debug_str     0x000000000000017b      0xe61 ./generate/inthandler.o
                                        0xf44 (size before relaxing)
 .debug_str     0x0000000000000fdc       0x22 ./generate/start.o
                                         0x63 (size before relaxing)
 .debug_str     0x0000000000000ffe       0x45 ./generate/vects.o
                                        0x13a (size before relaxing)

.comment        0x0000000000000000       0x6c
 .comment       0x0000000000000000       0x36 ./src/main.o
                                         0x37 (size before relaxing)
 .comment       0x0000000000000036       0x37 ./generate/hwinit.o
 .comment       0x0000000000000036       0x37 ./generate/inthandler.o
 .comment       0x0000000000000036       0x37 ./generate/vects.o
 .comment       0x0000000000000036       0x36 c:/programdata/gcc for renesas rx 8.3.0.202311-gnurx-elf/rx-elf/rx-elf/bin/../lib/gcc/rx-elf/8.3.0.202311-GNURX/../../../../rx-elf/lib\libc.a(lib_a-__call_atexit.o)
                                         0x37 (size before relaxing)
 .comment       0x000000000000006c       0x37 c:/programdata/gcc for renesas rx 8.3.0.202311-gnurx-elf/rx-elf/rx-elf/bin/../lib/gcc/rx-elf/8.3.0.202311-GNURX/../../../../rx-elf/lib\libc.a(lib_a-impure.o)
